0 verbose cli C:\Program Files\nodejs\node.exe C:\Users\com29\AppData\Roaming\npm\node_modules\npm\bin\npm-cli.js
1 info using npm@11.19.0
2 info using node@v25.2.1
3 silly config load:file:C:\Users\com29\AppData\Roaming\npm\node_modules\npm\npmrc
4 silly config load:file:D:\app\APP_TEST\daily-report-web\.npmrc
5 silly config load:file:C:\Users\com29\.npmrc
6 silly config load:file:C:\Users\com29\AppData\Roaming\npm\etc\npmrc
7 verbose title npm install @supabase/supabase-js@^2.57.4
8 verbose argv "install" "@supabase/supabase-js@^2.57.4"
9 verbose logfile logs-max:10 dir:D:\app\APP_TEST\daily-report-web\.npm-cache\_logs\2026-09-21T15_16_14_250Z-
10 verbose logfile D:\app\APP_TEST\daily-report-web\.npm-cache\_logs\2026-09-21T15_16_14_250Z-debug-0.log
11 silly logfile done cleaning log files
12 silly packumentCache heap:4496293888 maxSize:1124073472 maxEntrySize:562036736
13 silly idealTree buildDeps
14 silly fetch manifest @supabase/supabase-js@^2.57.4
15 silly packumentCache full:https://registry.npmjs.org/@supabase%2fsupabase-js cache-miss
16 http fetch GET 200 https://registry.npmjs.org/npm 186ms
17 http fetch GET 200 https://registry.npmjs.org/@supabase%2fsupabase-js 802ms (cache miss)
18 silly packumentCache full:https://registry.npmjs.org/@supabase%2fsupabase-js set size:undefined disposed:false
19 silly fetch manifest @opentelemetry/api@>=1.0.0
20 silly packumentCache full:https://registry.npmjs.org/@opentelemetry%2fapi cache-miss
21 http fetch GET 200 https://registry.npmjs.org/@opentelemetry%2fapi 68ms (cache miss)
22 silly packumentCache full:https://registry.npmjs.org/@opentelemetry%2fapi set size:undefined disposed:false
23 silly placeDep ROOT @supabase/supabase-js@2.116.0 OK for: construction-daily-report-pwa@0.1.0 want: ^2.57.4
24 silly fetch manifest @supabase/auth-js@2.116.0
25 silly packumentCache full:https://registry.npmjs.org/@supabase%2fauth-js cache-miss
26 silly fetch manifest @supabase/storage-js@2.116.0
27 silly packumentCache full:https://registry.npmjs.org/@supabase%2fstorage-js cache-miss
28 silly fetch manifest @supabase/realtime-js@2.116.0
29 silly packumentCache full:https://registry.npmjs.org/@supabase%2frealtime-js cache-miss
30 silly fetch manifest @supabase/functions-js@2.116.0
31 silly packumentCache full:https://registry.npmjs.org/@supabase%2ffunctions-js cache-miss
32 silly fetch manifest @supabase/postgrest-js@2.116.0
33 silly packumentCache full:https://registry.npmjs.org/@supabase%2fpostgrest-js cache-miss
34 http fetch GET 200 https://registry.npmjs.org/@supabase%2ffunctions-js 443ms (cache miss)
35 silly packumentCache full:https://registry.npmjs.org/@supabase%2ffunctions-js set size:undefined disposed:false
36 http fetch GET 200 https://registry.npmjs.org/@supabase%2fstorage-js 468ms (cache miss)
37 silly packumentCache full:https://registry.npmjs.org/@supabase%2fstorage-js set size:undefined disposed:false
38 http fetch GET 200 https://registry.npmjs.org/@supabase%2fauth-js 554ms (cache miss)
39 silly packumentCache full:https://registry.npmjs.org/@supabase%2fauth-js set size:undefined disposed:false
40 http fetch GET 200 https://registry.npmjs.org/@supabase%2frealtime-js 819ms (cache miss)
41 silly packumentCache full:https://registry.npmjs.org/@supabase%2frealtime-js set size:undefined disposed:false
42 http fetch GET 200 https://registry.npmjs.org/@supabase%2fpostgrest-js 847ms (cache miss)
43 silly packumentCache full:https://registry.npmjs.org/@supabase%2fpostgrest-js set size:undefined disposed:false
44 silly placeDep ROOT @supabase/auth-js@2.116.0 OK for: @supabase/supabase-js@2.116.0 want: 2.116.0
45 silly placeDep ROOT @supabase/functions-js@2.116.0 OK for: @supabase/supabase-js@2.116.0 want: 2.116.0
46 silly placeDep ROOT @supabase/postgrest-js@2.116.0 OK for: @supabase/supabase-js@2.116.0 want: 2.116.0
47 silly placeDep ROOT @supabase/realtime-js@2.116.0 OK for: @supabase/supabase-js@2.116.0 want: 2.116.0
48 silly placeDep ROOT @supabase/storage-js@2.116.0 OK for: @supabase/supabase-js@2.116.0 want: 2.116.0
49 silly fetch manifest tslib@2.8.1
50 silly packumentCache full:https://registry.npmjs.org/tslib cache-miss
51 silly fetch manifest tslib@2.8.1
52 silly packumentCache full:https://registry.npmjs.org/tslib cache-miss
53 silly fetch manifest tslib@2.8.1
54 silly packumentCache full:https://registry.npmjs.org/tslib cache-miss
55 silly fetch manifest tslib@2.8.1
56 silly packumentCache full:https://registry.npmjs.org/tslib cache-miss
57 silly fetch manifest @supabase/phoenix@0.4.5
58 silly packumentCache full:https://registry.npmjs.org/@supabase%2fphoenix cache-miss
59 silly fetch manifest tslib@2.8.1
60 silly packumentCache full:https://registry.npmjs.org/tslib cache-miss
61 silly fetch manifest iceberg-js@^0.8.1
62 silly packumentCache full:https://registry.npmjs.org/iceberg-js cache-miss
63 http fetch GET 200 https://registry.npmjs.org/tslib 54ms (cache miss)
64 silly packumentCache full:https://registry.npmjs.org/tslib set size:undefined disposed:false
65 http fetch GET 200 https://registry.npmjs.org/tslib 58ms (cache miss)
66 silly packumentCache full:https://registry.npmjs.org/tslib set size:undefined disposed:false
67 http fetch GET 200 https://registry.npmjs.org/tslib 108ms (cache miss)
68 silly packumentCache full:https://registry.npmjs.org/tslib set size:undefined disposed:false
69 http fetch GET 200 https://registry.npmjs.org/tslib 111ms (cache miss)
70 silly packumentCache full:https://registry.npmjs.org/tslib set size:undefined disposed:false
71 http fetch GET 200 https://registry.npmjs.org/tslib 314ms (cache miss)
72 silly packumentCache full:https://registry.npmjs.org/tslib set size:undefined disposed:false
73 http fetch GET 200 https://registry.npmjs.org/iceberg-js 337ms (cache miss)
74 silly packumentCache full:https://registry.npmjs.org/iceberg-js set size:undefined disposed:false
75 http fetch GET 200 https://registry.npmjs.org/@supabase%2fphoenix 516ms (cache miss)
76 silly packumentCache full:https://registry.npmjs.org/@supabase%2fphoenix set size:undefined disposed:false
77 silly placeDep ROOT tslib@2.8.1 OK for: @supabase/auth-js@2.116.0 want: 2.8.1
78 silly placeDep ROOT @supabase/phoenix@0.4.5 OK for: @supabase/realtime-js@2.116.0 want: 0.4.5
79 silly placeDep ROOT iceberg-js@0.8.1 OK for: @supabase/storage-js@2.116.0 want: ^0.8.1
80 silly reify moves {}
81 silly audit bulk request {
81 silly audit   '@apideck/better-ajv-errors': [ '0.3.7' ],
81 silly audit   '@babel/code-frame': [ '7.29.7' ],
81 silly audit   'js-tokens': [ '4.0.0', '9.0.1' ],
81 silly audit   '@babel/compat-data': [ '7.29.7' ],
81 silly audit   '@babel/core': [ '7.29.7' ],
81 silly audit   '@babel/generator': [ '7.29.8' ],
81 silly audit   '@babel/helper-annotate-as-pure': [ '7.29.7' ],
81 silly audit   '@babel/helper-compilation-targets': [ '7.29.7' ],
81 silly audit   '@babel/helper-create-class-features-plugin': [ '7.29.7' ],
81 silly audit   '@babel/helper-create-regexp-features-plugin': [ '7.29.7' ],
81 silly audit   '@babel/helper-define-polyfill-provider': [ '0.6.8' ],
81 silly audit   '@babel/helper-globals': [ '7.29.7' ],
81 silly audit   '@babel/helper-member-expression-to-functions': [ '7.29.7' ],
81 silly audit   '@babel/helper-module-imports': [ '7.29.7' ],
81 silly audit   '@babel/helper-module-transforms': [ '7.29.7' ],
81 silly audit   '@babel/helper-optimise-call-expression': [ '7.29.7' ],
81 silly audit   '@babel/helper-plugin-utils': [ '7.29.7' ],
81 silly audit   '@babel/helper-remap-async-to-generator': [ '7.29.7' ],
81 silly audit   '@babel/helper-replace-supers': [ '7.29.7' ],
81 silly audit   '@babel/helper-skip-transparent-expression-wrappers': [ '7.29.7' ],
81 silly audit   '@babel/helper-string-parser': [ '7.29.7' ],
81 silly audit   '@babel/helper-validator-identifier': [ '7.29.7' ],
81 silly audit   '@babel/helper-validator-option': [ '7.29.7' ],
81 silly audit   '@babel/helper-wrap-function': [ '7.29.7' ],
81 silly audit   '@babel/helpers': [ '7.29.7' ],
81 silly audit   '@babel/parser': [ '7.29.8' ],
81 silly audit   '@babel/plugin-bugfix-firefox-class-in-computed-class-key': [ '7.29.7' ],
81 silly audit   '@babel/plugin-bugfix-safari-class-field-initializer-scope': [ '7.29.7' ],
81 silly audit   '@babel/plugin-bugfix-safari-id-destructuring-collision-in-function-expression': [ '7.29.7' ],
81 silly audit   '@babel/plugin-bugfix-safari-rest-destructuring-rhs-array': [ '7.29.7' ],
81 silly audit   '@babel/plugin-bugfix-v8-spread-parameters-in-optional-chaining': [ '7.29.7' ],
81 silly audit   '@babel/plugin-bugfix-v8-static-class-fields-redefine-readonly': [ '7.29.7' ],
81 silly audit   '@babel/plugin-proposal-private-property-in-object': [ '7.21.0-placeholder-for-preset-env.2' ],
81 silly audit   '@babel/plugin-syntax-import-assertions': [ '7.29.7' ],
81 silly audit   '@babel/plugin-syntax-import-attributes': [ '7.29.7' ],
81 silly audit   '@babel/plugin-syntax-unicode-sets-regex': [ '7.18.6' ],
81 silly audit   '@babel/plugin-transform-arrow-functions': [ '7.29.7' ],
81 silly audit   '@babel/plugin-transform-async-generator-functions': [ '7.29.7' ],
81 silly audit   '@babel/plugin-transform-async-to-generator': [ '7.29.7' ],
81 silly audit   '@babel/plugin-transform-block-scoped-functions': [ '7.29.7' ],
81 silly audit   '@babel/plugin-transform-block-scoping': [ '7.29.7' ],
81 silly audit   '@babel/plugin-transform-class-properties': [ '7.29.7' ],
81 silly audit   '@babel/plugin-transform-class-static-block': [ '7.29.7' ],
81 silly audit   '@babel/plugin-transform-classes': [ '7.29.7' ],
81 silly audit   '@babel/plugin-transform-computed-properties': [ '7.29.7' ],
81 silly audit   '@babel/plugin-transform-destructuring': [ '7.29.7' ],
81 silly audit   '@babel/plugin-transform-dotall-regex': [ '7.29.7' ],
81 silly audit   '@babel/plugin-transform-duplicate-keys': [ '7.29.7' ],
81 silly audit   '@babel/plugin-transform-duplicate-named-capturing-groups-regex': [ '7.29.7' ],
81 silly audit   '@babel/plugin-transform-dynamic-import': [ '7.29.7' ],
81 silly audit   '@babel/plugin-transform-explicit-resource-management': [ '7.29.7' ],
81 silly audit   '@babel/plugin-transform-exponentiation-operator': [ '7.29.7' ],
81 silly audit   '@babel/plugin-transform-export-namespace-from': [ '7.29.7' ],
81 silly audit   '@babel/plugin-transform-for-of': [ '7.29.7' ],
81 silly audit   '@babel/plugin-transform-function-name': [ '7.29.7' ],
81 silly audit   '@babel/plugin-transform-json-strings': [ '7.29.7' ],
81 silly audit   '@babel/plugin-transform-literals': [ '7.29.7' ],
81 silly audit   '@babel/plugin-transform-logical-assignment-operators': [ '7.29.7' ],
81 silly audit   '@babel/plugin-transform-member-expression-literals': [ '7.29.7' ],
81 silly audit   '@babel/plugin-transform-modules-amd': [ '7.29.7' ],
81 silly audit   '@babel/plugin-transform-modules-commonjs': [ '7.29.7' ],
81 silly audit   '@babel/plugin-transform-modules-systemjs': [ '7.29.8' ],
81 silly audit   '@babel/plugin-transform-modules-umd': [ '7.29.7' ],
81 silly audit   '@babel/plugin-transform-named-capturing-groups-regex': [ '7.29.7' ],
81 silly audit   '@babel/plugin-transform-new-target': [ '7.29.7' ],
81 silly audit   '@babel/plugin-transform-nullish-coalescing-operator': [ '7.29.7' ],
81 silly audit   '@babel/plugin-transform-numeric-separator': [ '7.29.7' ],
81 silly audit   '@babel/plugin-transform-object-rest-spread': [ '7.29.7' ],
81 silly audit   '@babel/plugin-transform-object-super': [ '7.29.7' ],
81 silly audit   '@babel/plugin-transform-optional-catch-binding': [ '7.29.7' ],
81 silly audit   '@babel/plugin-transform-optional-chaining': [ '7.29.7' ],
81 silly audit   '@babel/plugin-transform-parameters': [ '7.29.7' ],
81 silly audit   '@babel/plugin-transform-private-methods': [ '7.29.7' ],
81 silly audit   '@babel/plugin-transform-private-property-in-object': [ '7.29.7' ],
81 silly audit   '@babel/plugin-transform-property-literals': [ '7.29.7' ],
81 silly audit   '@babel/plugin-transform-regenerator': [ '7.29.8' ],
81 silly audit   '@babel/plugin-transform-regexp-modifiers': [ '7.29.7' ],
81 silly audit   '@babel/plugin-transform-reserved-words': [ '7.29.7' ],
81 silly audit   '@babel/plugin-transform-shorthand-properties': [ '7.29.7' ],
81 silly audit   '@babel/plugin-transform-spread': [ '7.29.8' ],
81 silly audit   '@babel/plugin-transform-sticky-regex': [ '7.29.7' ],
81 silly audit   '@babel/plugin-transform-template-literals': [ '7.29.7' ],
81 silly audit   '@babel/plugin-transform-typeof-symbol': [ '7.29.7' ],
81 silly audit   '@babel/plugin-transform-unicode-escapes': [ '7.29.7' ],
81 silly audit   '@babel/plugin-transform-unicode-property-regex': [ '7.29.7' ],
81 silly audit   '@babel/plugin-transform-unicode-regex': [ '7.29.7' ],
81 silly audit   '@babel/plugin-transform-unicode-sets-regex': [ '7.29.7' ],
81 silly audit   '@babel/preset-env': [ '7.29.7' ],
81 silly audit   '@babel/preset-modules': [ '0.1.6-no-external-plugins' ],
81 silly audit   '@babel/runtime': [ '7.29.7' ],
81 silly audit   '@babel/template': [ '7.29.7' ],
81 silly audit   '@babel/traverse': [ '7.29.8' ],
81 silly audit   '@babel/types': [ '7.29.8' ],
81 silly audit   '@esbuild/aix-ppc64': [ '0.25.12' ],
81 silly audit   '@esbuild/android-arm': [ '0.25.12' ],
81 silly audit   '@esbuild/android-arm64': [ '0.25.12' ],
81 silly audit   '@esbuild/android-x64': [ '0.25.12' ],
81 silly audit   '@esbuild/darwin-arm64': [ '0.25.12' ],
81 silly audit   '@esbuild/darwin-x64': [ '0.25.12' ],
81 silly audit   '@esbuild/freebsd-arm64': [ '0.25.12' ],
81 silly audit   '@esbuild/freebsd-x64': [ '0.25.12' ],
81 silly audit   '@esbuild/linux-arm': [ '0.25.12' ],
81 silly audit   '@esbuild/linux-arm64': [ '0.25.12' ],
81 silly audit   '@esbuild/linux-ia32': [ '0.25.12' ],
81 silly audit   '@esbuild/linux-loong64': [ '0.25.12' ],
81 silly audit   '@esbuild/linux-mips64el': [ '0.25.12' ],
81 silly audit   '@esbuild/linux-ppc64': [ '0.25.12' ],
81 silly audit   '@esbuild/linux-riscv64': [ '0.25.12' ],
81 silly audit   '@esbuild/linux-s390x': [ '0.25.12' ],
81 silly audit   '@esbuild/linux-x64': [ '0.25.12' ],
81 silly audit   '@esbuild/netbsd-arm64': [ '0.25.12' ],
81 silly audit   '@esbuild/netbsd-x64': [ '0.25.12' ],
81 silly audit   '@esbuild/openbsd-arm64': [ '0.25.12' ],
81 silly audit   '@esbuild/openbsd-x64': [ '0.25.12' ],
81 silly audit   '@esbuild/openharmony-arm64': [ '0.25.12' ],
81 silly audit   '@esbuild/sunos-x64': [ '0.25.12' ],
81 silly audit   '@esbuild/win32-arm64': [ '0.25.12' ],
81 silly audit   '@esbuild/win32-ia32': [ '0.25.12' ],
81 silly audit   '@esbuild/win32-x64': [ '0.25.12' ],
81 silly audit   '@isaacs/cliui': [ '9.0.0' ],
81 silly audit   '@jridgewell/gen-mapping': [ '0.3.13' ],
81 silly audit   '@jridgewell/remapping': [ '2.3.5' ],
81 silly audit   '@jridgewell/resolve-uri': [ '3.1.2' ],
81 silly audit   '@jridgewell/source-map': [ '0.3.11' ],
81 silly audit   '@jridgewell/sourcemap-codec': [ '1.5.5' ],
81 silly audit   '@jridgewell/trace-mapping': [ '0.3.31' ],
81 silly audit   '@rollup/plugin-babel': [ '6.1.0' ],
81 silly audit   '@rollup/plugin-node-resolve': [ '16.0.3' ],
81 silly audit   '@rollup/plugin-replace': [ '6.0.3' ],
81 silly audit   '@rollup/plugin-terser': [ '1.0.0' ],
81 silly audit   '@rollup/pluginutils': [ '5.4.0' ],
81 silly audit   'estree-walker': [ '2.0.2', '3.0.3' ],
81 silly audit   '@rollup/rollup-android-arm-eabi': [ '4.62.3' ],
81 silly audit   '@rollup/rollup-android-arm64': [ '4.62.3' ],
81 silly audit   '@rollup/rollup-darwin-arm64': [ '4.62.3' ],
81 silly audit   '@rollup/rollup-darwin-x64': [ '4.62.3' ],
81 silly audit   '@rollup/rollup-freebsd-arm64': [ '4.62.3' ],
81 silly audit   '@rollup/rollup-freebsd-x64': [ '4.62.3' ],
81 silly audit   '@rollup/rollup-linux-arm-gnueabihf': [ '4.62.3' ],
81 silly audit   '@rollup/rollup-linux-arm-musleabihf': [ '4.62.3' ],
81 silly audit   '@rollup/rollup-linux-arm64-gnu': [ '4.62.3' ],
81 silly audit   '@rollup/rollup-linux-arm64-musl': [ '4.62.3' ],
81 silly audit   '@rollup/rollup-linux-loong64-gnu': [ '4.62.3' ],
81 silly audit   '@rollup/rollup-linux-loong64-musl': [ '4.62.3' ],
81 silly audit   '@rollup/rollup-linux-ppc64-gnu': [ '4.62.3' ],
81 silly audit   '@rollup/rollup-linux-ppc64-musl': [ '4.62.3' ],
81 silly audit   '@rollup/rollup-linux-riscv64-gnu': [ '4.62.3' ],
81 silly audit   '@rollup/rollup-linux-riscv64-musl': [ '4.62.3' ],
81 silly audit   '@rollup/rollup-linux-s390x-gnu': [ '4.62.3' ],
81 silly audit   '@rollup/rollup-linux-x64-gnu': [ '4.62.3' ],
81 silly audit   '@rollup/rollup-linux-x64-musl': [ '4.62.3' ],
81 silly audit   '@rollup/rollup-openbsd-x64': [ '4.62.3' ],
81 silly audit   '@rollup/rollup-openharmony-arm64': [ '4.62.3' ],
81 silly audit   '@rollup/rollup-win32-arm64-msvc': [ '4.62.3' ],
81 silly audit   '@rollup/rollup-win32-ia32-msvc': [ '4.62.3' ],
81 silly audit   '@rollup/rollup-win32-x64-gnu': [ '4.62.3' ],
81 silly audit   '@rollup/rollup-win32-x64-msvc': [ '4.62.3' ],
81 silly audit   '@trickfilm400/rollup-plugin-off-main-thread': [ '3.0.0-pre1' ],
81 silly audit   '@types/chai': [ '5.2.3' ],
81 silly audit   '@types/deep-eql': [ '4.0.2' ],
81 silly audit   '@types/estree': [ '1.0.9' ],
81 silly audit   '@types/resolve': [ '1.20.2' ],
81 silly audit   '@types/trusted-types': [ '2.0.7' ],
81 silly audit   '@vitest/expect': [ '3.2.7' ],
81 silly audit   '@vitest/mocker': [ '3.2.7' ],
81 silly audit   '@vitest/pretty-format': [ '3.2.7' ],
81 silly audit   '@vitest/runner': [ '3.2.7' ],
81 silly audit   '@vitest/snapshot': [ '3.2.7' ],
81 silly audit   '@vitest/spy': [ '3.2.7' ],
81 silly audit   '@vitest/utils': [ '3.2.7' ],
81 silly audit   acorn: [ '8.18.0' ],
81 silly audit   ajv: [ '8.20.0' ],
81 silly audit   'array-buffer-byte-length': [ '1.0.2' ],
81 silly audit   'arraybuffer.prototype.slice': [ '1.0.4' ],
81 silly audit   'assertion-error': [ '2.0.1' ],
81 silly audit   async: [ '3.2.6' ],
81 silly audit   'async-function': [ '1.0.0' ],
81 silly audit   'at-least-node': [ '1.0.0' ],
81 silly audit   'available-typed-arrays': [ '1.0.7' ],
81 silly audit   'babel-plugin-polyfill-corejs2': [ '0.4.17' ],
81 silly audit   'babel-plugin-polyfill-corejs3': [ '0.14.2' ],
81 silly audit   'babel-plugin-polyfill-regenerator': [ '0.6.8' ],
81 silly audit   'balanced-match': [ '4.0.4', '1.0.2' ],
81 silly audit   'baseline-browser-mapping': [ '2.11.10' ],
81 silly audit   'brace-expansion': [ '5.0.9', '2.1.4' ],
81 silly audit   browserslist: [ '4.28.7' ],
81 silly audit   'buffer-from': [ '1.1.2' ],
81 silly audit   cac: [ '6.7.14' ],
81 silly audit   'call-bind': [ '1.0.9' ],
81 silly audit   'call-bind-apply-helpers': [ '1.0.2' ],
81 silly audit   'call-bound': [ '1.0.4' ],
81 silly audit   'caniuse-lite': [ '1.0.30001806' ],
81 silly audit   chai: [ '5.3.3' ],
81 silly audit   'check-error': [ '2.1.3' ],
81 silly audit   commander: [ '2.20.3' ],
81 silly audit   'common-tags': [ '1.8.2' ],
81 silly audit   'convert-source-map': [ '2.0.0' ],
81 silly audit   'core-js-compat': [ '3.49.0' ],
81 silly audit   'cross-spawn': [ '7.0.6' ],
81 silly audit   'crypto-random-string': [ '2.0.0' ],
81 silly audit   'data-view-buffer': [ '1.0.2' ],
81 silly audit   'data-view-byte-length': [ '1.0.2' ],
81 silly audit   'data-view-byte-offset': [ '1.0.1' ],
81 silly audit   debug: [ '4.4.3' ],
81 silly audit   'deep-eql': [ '5.0.2' ],
81 silly audit   deepmerge: [ '4.3.1' ],
81 silly audit   'define-data-property': [ '1.1.4' ],
81 silly audit   'define-properties': [ '1.2.1' ],
81 silly audit   'dunder-proto': [ '1.0.1' ],
81 silly audit   ejs: [ '3.1.10' ],
81 silly audit   'electron-to-chromium': [ '1.5.399' ],
81 silly audit   'es-abstract': [ '1.24.2' ],
81 silly audit   'es-abstract-get': [ '1.0.0' ],
81 silly audit   'es-define-property': [ '1.0.1' ],
81 silly audit   'es-errors': [ '1.3.0' ],
81 silly audit   'es-module-lexer': [ '1.7.0' ],
81 silly audit   'es-object-atoms': [ '1.1.2' ],
81 silly audit   'es-set-tostringtag': [ '2.1.0' ],
81 silly audit   'es-to-primitive': [ '1.3.4' ],
81 silly audit   esbuild: [ '0.25.12' ],
81 silly audit   escalade: [ '3.2.0' ],
81 silly audit   esutils: [ '2.0.3' ],
81 silly audit   eta: [ '4.6.0' ],
81 silly audit   'expect-type': [ '1.4.0' ],
81 silly audit   'fast-deep-equal': [ '3.1.3' ],
81 silly audit   'fast-json-stable-stringify': [ '2.1.0' ],
81 silly audit   'fast-uri': [ '3.1.5' ],
81 silly audit   fdir: [ '6.5.0' ],
81 silly audit   filelist: [ '1.0.6' ],
81 silly audit   minimatch: [ '5.1.9', '10.2.6' ],
81 silly audit   'for-each': [ '0.3.5' ],
81 silly audit   'foreground-child': [ '3.3.1' ],
81 silly audit   'fs-extra': [ '9.1.0' ],
81 silly audit   fsevents: [ '2.3.3' ],
81 silly audit   'function-bind': [ '1.1.2' ],
81 silly audit   'function.prototype.name': [ '1.2.0' ],
81 silly audit   'functions-have-names': [ '1.2.3' ],
81 silly audit   'generator-function': [ '2.0.1' ],
81 silly audit   gensync: [ '1.0.0-beta.2' ],
81 silly audit   'get-intrinsic': [ '1.3.0' ],
81 silly audit   'get-own-enumerable-property-symbols': [ '3.0.2' ],
81 silly audit   'get-proto': [ '1.0.1' ],
81 silly audit   'get-symbol-description': [ '1.1.0' ],
81 silly audit   glob: [ '11.1.0' ],
81 silly audit   globalthis: [ '1.0.4' ],
81 silly audit   gopd: [ '1.2.0' ],
81 silly audit   'graceful-fs': [ '4.2.11' ],
81 silly audit   'has-bigints': [ '1.1.0' ],
81 silly audit   'has-property-descriptors': [ '1.0.2' ],
81 silly audit   'has-proto': [ '1.2.0' ],
81 silly audit   'has-symbols': [ '1.1.0' ],
81 silly audit   'has-tostringtag': [ '1.0.2' ],
81 silly audit   hasown: [ '2.0.4' ],
81 silly audit   idb: [ '7.1.1' ],
81 silly audit   'internal-slot': [ '1.1.0' ],
81 silly audit   'is-array-buffer': [ '3.0.5' ],
81 silly audit   'is-async-function': [ '2.1.1' ],
81 silly audit   'is-bigint': [ '1.1.0' ],
81 silly audit   'is-boolean-object': [ '1.2.2' ],
81 silly audit   'is-callable': [ '1.2.7' ],
81 silly audit   'is-core-module': [ '2.16.2' ],
81 silly audit   'is-data-view': [ '1.0.2' ],
81 silly audit   'is-date-object': [ '1.1.0' ],
81 silly audit   'is-document.all': [ '1.0.0' ],
81 silly audit   'is-finalizationregistry': [ '1.1.1' ],
81 silly audit   'is-generator-function': [ '1.1.2' ],
81 silly audit   'is-map': [ '2.0.3' ],
81 silly audit   'is-module': [ '1.0.0' ],
81 silly audit   'is-negative-zero': [ '2.0.3' ],
81 silly audit   'is-number-object': [ '1.1.1' ],
81 silly audit   'is-obj': [ '1.0.1' ],
81 silly audit   'is-regex': [ '1.2.1' ],
81 silly audit   'is-regexp': [ '1.0.0' ],
81 silly audit   'is-set': [ '2.0.3' ],
81 silly audit   'is-shared-array-buffer': [ '1.0.4' ],
81 silly audit   'is-stream': [ '2.0.1' ],
81 silly audit   'is-string': [ '1.1.1' ],
81 silly audit   'is-symbol': [ '1.1.1' ],
81 silly audit   'is-typed-array': [ '1.1.15' ],
81 silly audit   'is-weakmap': [ '2.0.2' ],
81 silly audit   'is-weakref': [ '1.1.1' ],
81 silly audit   'is-weakset': [ '2.0.4' ],
81 silly audit   isarray: [ '2.0.5' ],
81 silly audit   isexe: [ '2.0.0' ],
81 silly audit   jackspeak: [ '4.2.3' ],
81 silly audit   jake: [ '10.9.4' ],
81 silly audit   jsesc: [ '3.1.0' ],
81 silly audit   'json-schema-traverse': [ '1.0.0' ],
81 silly audit   json5: [ '2.2.3' ],
81 silly audit   jsonfile: [ '6.2.1' ],
81 silly audit   jsonpointer: [ '5.0.1' ],
81 silly audit   leven: [ '3.1.0' ],
81 silly audit   'lodash.debounce': [ '4.0.8' ],
81 silly audit   loupe: [ '3.2.1' ],
81 silly audit   'lru-cache': [ '5.1.1', '11.5.2' ],
81 silly audit   'magic-string': [ '0.30.21' ],
81 silly audit   'math-intrinsics': [ '1.1.0' ],
81 silly audit   minipass: [ '7.1.3' ],
81 silly audit   ms: [ '2.1.3' ],
81 silly audit   nanoid: [ '3.3.16' ],
81 silly audit   'node-releases': [ '2.0.51' ],
81 silly audit   'object-inspect': [ '1.13.4' ],
81 silly audit   'object-keys': [ '1.1.1' ],
81 silly audit   'object.assign': [ '4.1.7' ],
81 silly audit   'own-keys': [ '1.0.2' ],
81 silly audit   'package-json-from-dist': [ '1.0.1' ],
81 silly audit   'path-key': [ '3.1.1' ],
81 silly audit   'path-parse': [ '1.0.7' ],
81 silly audit   'path-scurry': [ '2.0.2' ],
81 silly audit   pathe: [ '2.0.3' ],
81 silly audit   pathval: [ '2.0.1' ],
81 silly audit   picocolors: [ '1.1.1' ],
81 silly audit   picomatch: [ '4.0.5' ],
81 silly audit   'possible-typed-array-names': [ '1.1.0' ],
81 silly audit   postcss: [ '8.5.25' ],
81 silly audit   'pretty-bytes': [ '6.1.1', '5.6.0' ],
81 silly audit   'reflect.getprototypeof': [ '1.0.10' ],
81 silly audit   regenerate: [ '1.4.2' ],
81 silly audit   'regenerate-unicode-properties': [ '10.2.2' ],
81 silly audit   'regexp.prototype.flags': [ '1.5.4' ],
81 silly audit   'regexpu-core': [ '6.4.0' ],
81 silly audit   regjsgen: [ '0.8.0' ],
81 silly audit   regjsparser: [ '0.13.2' ],
81 silly audit   'require-from-string': [ '2.0.2' ],
81 silly audit   resolve: [ '1.22.12' ],
81 silly audit   rollup: [ '4.62.3' ],
81 silly audit   'safe-array-concat': [ '1.1.4' ],
81 silly audit   'safe-push-apply': [ '1.0.0' ],
81 silly audit   'safe-regex-test': [ '1.1.0' ],
81 silly audit   semver: [ '6.3.1' ],
81 silly audit   'serialize-javascript': [ '7.0.7' ],
81 silly audit   'set-function-length': [ '1.2.2' ],
81 silly audit   'set-function-name': [ '2.0.2' ],
81 silly audit   'set-proto': [ '1.0.0' ],
81 silly audit   'shebang-command': [ '2.0.0' ],
81 silly audit   'shebang-regex': [ '3.0.0' ],
81 silly audit   'side-channel': [ '1.1.1' ],
81 silly audit   'side-channel-list': [ '1.0.1' ],
81 silly audit   'side-channel-map': [ '1.0.1' ],
81 silly audit   'side-channel-weakmap': [ '1.0.2' ],
81 silly audit   siginfo: [ '2.0.0' ],
81 silly audit   'signal-exit': [ '4.1.0' ],
81 silly audit   smob: [ '1.6.2' ],
81 silly audit   'source-map': [ '0.8.0', '0.6.1' ],
81 silly audit   'source-map-js': [ '1.2.1' ],
81 silly audit   'source-map-support': [ '0.5.21' ],
81 silly audit   stackback: [ '0.0.2' ],
81 silly audit   'std-env': [ '3.10.0' ],
81 silly audit   'stop-iteration-iterator': [ '1.1.0' ],
81 silly audit   'string.prototype.matchall': [ '4.0.12' ],
81 silly audit   'string.prototype.trim': [ '1.2.11' ],
81 silly audit   'string.prototype.trimend': [ '1.0.10' ],
81 silly audit   'string.prototype.trimstart': [ '1.0.8' ],
81 silly audit   'stringify-object': [ '3.3.0' ],
81 silly audit   'strip-comments': [ '2.0.1' ],
81 silly audit   'strip-literal': [ '3.1.0' ],
81 silly audit   'supports-preserve-symlinks-flag': [ '1.0.0' ],
81 silly audit   'temp-dir': [ '2.0.0' ],
81 silly audit   tempy: [ '0.6.0' ],
81 silly audit   terser: [ '5.49.0' ],
81 silly audit   tinybench: [ '2.9.0' ],
81 silly audit   tinyexec: [ '0.3.2' ],
81 silly audit   tinyglobby: [ '0.2.17' ],
81 silly audit   tinypool: [ '1.1.1' ],
81 silly audit   tinyrainbow: [ '2.0.0' ],
81 silly audit   tinyspy: [ '4.0.4' ],
81 silly audit   'type-fest': [ '0.16.0' ],
81 silly audit   'typed-array-buffer': [ '1.0.3' ],
81 silly audit   'typed-array-byte-length': [ '1.0.3' ],
81 silly audit   'typed-array-byte-offset': [ '1.0.4' ],
81 silly audit   'typed-array-length': [ '1.0.8' ],
81 silly audit   typescript: [ '5.9.3' ],
81 silly audit   'unbox-primitive': [ '1.1.0' ],
81 silly audit   'unicode-canonical-property-names-ecmascript': [ '2.0.1' ],
81 silly audit   'unicode-match-property-ecmascript': [ '2.0.0' ],
81 silly audit   'unicode-match-property-value-ecmascript': [ '2.2.1' ],
81 silly audit   'unicode-property-aliases-ecmascript': [ '2.2.0' ],
81 silly audit   'unique-string': [ '2.0.0' ],
81 silly audit   universalify: [ '2.0.1' ],
81 silly audit   upath: [ '1.2.0' ],
81 silly audit   'update-browserslist-db': [ '1.2.3' ],
81 silly audit   vite: [ '6.4.3' ],
81 silly audit   'vite-node': [ '3.2.4' ],
81 silly audit   'vite-plugin-pwa': [ '1.3.0' ],
81 silly audit   vitest: [ '3.2.7' ],
81 silly audit   which: [ '2.0.2' ],
81 silly audit   'which-boxed-primitive': [ '1.1.1' ],
81 silly audit   'which-builtin-type': [ '1.2.1' ],
81 silly audit   'which-collection': [ '1.0.2' ],
81 silly audit   'which-typed-array': [ '1.1.22' ],
81 silly audit   'why-is-node-running': [ '2.3.0' ],
81 silly audit   'workbox-background-sync': [ '7.4.1' ],
81 silly audit   'workbox-broadcast-update': [ '7.4.1' ],
81 silly audit   'workbox-build': [ '7.4.1' ],
81 silly audit   'workbox-cacheable-response': [ '7.4.1' ],
81 silly audit   'workbox-core': [ '7.4.1' ],
81 silly audit   'workbox-expiration': [ '7.4.1' ],
81 silly audit   'workbox-google-analytics': [ '7.4.1' ],
81 silly audit   'workbox-navigation-preload': [ '7.4.1' ],
81 silly audit   'workbox-precaching': [ '7.4.1' ],
81 silly audit   'workbox-range-requests': [ '7.4.1' ],
81 silly audit   'workbox-recipes': [ '7.4.1' ],
81 silly audit   'workbox-routing': [ '7.4.1' ],
81 silly audit   'workbox-strategies': [ '7.4.1' ],
81 silly audit   'workbox-streams': [ '7.4.1' ],
81 silly audit   'workbox-sw': [ '7.4.1' ],
81 silly audit   'workbox-window': [ '7.4.1' ],
81 silly audit   yallist: [ '3.1.1' ],
81 silly audit   '@supabase/supabase-js': [ '2.116.0' ],
81 silly audit   '@supabase/auth-js': [ '2.116.0' ],
81 silly audit   '@supabase/functions-js': [ '2.116.0' ],
81 silly audit   '@supabase/postgrest-js': [ '2.116.0' ],
81 silly audit   '@supabase/realtime-js': [ '2.116.0' ],
81 silly audit   '@supabase/storage-js': [ '2.116.0' ],
81 silly audit   tslib: [ '2.8.1' ],
81 silly audit   '@supabase/phoenix': [ '0.4.5' ],
81 silly audit   'iceberg-js': [ '0.8.1' ]
81 silly audit }
82 http cache iceberg-js@https://registry.npmjs.org/iceberg-js/-/iceberg-js-0.8.1.tgz 1ms (cache hit)
83 http cache @supabase/phoenix@https://registry.npmjs.org/@supabase/phoenix/-/phoenix-0.4.5.tgz 0ms (cache hit)
84 http cache tslib@https://registry.npmjs.org/tslib/-/tslib-2.8.1.tgz 0ms (cache hit)
85 http cache @supabase/realtime-js@https://registry.npmjs.org/@supabase/realtime-js/-/realtime-js-2.116.0.tgz 0ms (cache hit)
86 http cache @supabase/functions-js@https://registry.npmjs.org/@supabase/functions-js/-/functions-js-2.116.0.tgz 0ms (cache hit)
87 http cache @supabase/storage-js@https://registry.npmjs.org/@supabase/storage-js/-/storage-js-2.116.0.tgz 0ms (cache hit)
88 silly tarball no local data for iceberg-js@https://registry.npmjs.org/iceberg-js/-/iceberg-js-0.8.1.tgz. Extracting by manifest.
89 silly tarball no local data for @supabase/phoenix@https://registry.npmjs.org/@supabase/phoenix/-/phoenix-0.4.5.tgz. Extracting by manifest.
90 http cache @supabase/postgrest-js@https://registry.npmjs.org/@supabase/postgrest-js/-/postgrest-js-2.116.0.tgz 0ms (cache hit)
91 silly tarball no local data for tslib@https://registry.npmjs.org/tslib/-/tslib-2.8.1.tgz. Extracting by manifest.
92 http cache @supabase/supabase-js@https://registry.npmjs.org/@supabase/supabase-js/-/supabase-js-2.116.0.tgz 0ms (cache hit)
93 silly tarball no local data for @supabase/realtime-js@https://registry.npmjs.org/@supabase/realtime-js/-/realtime-js-2.116.0.tgz. Extracting by manifest.
94 http cache @supabase/auth-js@https://registry.npmjs.org/@supabase/auth-js/-/auth-js-2.116.0.tgz 0ms (cache hit)
95 silly tarball no local data for @supabase/functions-js@https://registry.npmjs.org/@supabase/functions-js/-/functions-js-2.116.0.tgz. Extracting by manifest.
96 silly tarball no local data for @supabase/storage-js@https://registry.npmjs.org/@supabase/storage-js/-/storage-js-2.116.0.tgz. Extracting by manifest.
97 silly tarball no local data for @supabase/postgrest-js@https://registry.npmjs.org/@supabase/postgrest-js/-/postgrest-js-2.116.0.tgz. Extracting by manifest.
98 silly tarball no local data for @supabase/supabase-js@https://registry.npmjs.org/@supabase/supabase-js/-/supabase-js-2.116.0.tgz. Extracting by manifest.
99 silly tarball no local data for @supabase/auth-js@https://registry.npmjs.org/@supabase/auth-js/-/auth-js-2.116.0.tgz. Extracting by manifest.
100 http fetch GET 200 https://registry.npmjs.org/iceberg-js/-/iceberg-js-0.8.1.tgz 124ms (cache miss)
101 http fetch GET 200 https://registry.npmjs.org/tslib/-/tslib-2.8.1.tgz 147ms (cache miss)
102 http fetch POST 200 https://registry.npmjs.org/-/npm/v1/security/advisories/bulk 224ms
103 silly audit report {
103 silly audit report   '@vitest/mocker': [
103 silly audit report     {
103 silly audit report       id: 1193684,
103 silly audit report       url: 'https://github.com/advisories/GHSA-82fw-gwwq-j7x9',
103 silly audit report       title: 'Vitest: Path Traversal / Arbitrary File Read via @vitest/mocker Redirect Mock',
103 silly audit report       severity: 'moderate',
103 silly audit report       vulnerable_versions: '>=2.1.0 <4.1.11',
103 silly audit report       cwe: [Array],
103 silly audit report       cvss: [Object]
103 silly audit report     }
103 silly audit report   ],
103 silly audit report   'fast-uri': [
103 silly audit report     {
103 silly audit report       id: 1158521,
103 silly audit report       url: 'https://github.com/advisories/GHSA-5jgf-p345-68v8',
103 silly audit report       title: 'fast-uri vulnerable to host confusion via skipped IDN canonicalization on scheme-relative references',
103 silly audit report       severity: 'high',
103 silly audit report       vulnerable_versions: '>=3.1.3 <3.1.6',
103 silly audit report       cwe: [Array],
103 silly audit report       cvss: [Object]
103 silly audit report     },
103 silly audit report     {
103 silly audit report       id: 1158524,
103 silly audit report       url: 'https://github.com/advisories/GHSA-f65p-4m7j-42xc',
103 silly audit report       title: 'fast-uri vulnerable to server-side request forgery via malformed IPv6 normalization',
103 silly audit report       severity: 'high',
103 silly audit report       vulnerable_versions: '>=3.0.0 <3.1.6',
103 silly audit report       cwe: [Array],
103 silly audit report       cvss: [Object]
103 silly audit report     },
103 silly audit report     {
103 silly audit report       id: 1158527,
103 silly audit report       url: 'https://github.com/advisories/GHSA-fph4-wmhf-6fwf',
103 silly audit report       title: 'fast-uri vulnerable to server-side request forgery via repeated hostname percent-decoding',
103 silly audit report       severity: 'high',
103 silly audit report       vulnerable_versions: '>=3.1.2 <3.1.6',
103 silly audit report       cwe: [Array],
103 silly audit report       cvss: [Object]
103 silly audit report     },
103 silly audit report     {
103 silly audit report       id: 1158530,
103 silly audit report       url: 'https://github.com/advisories/GHSA-jqff-g426-hqxp',
103 silly audit report       title: 'fast-uri vulnerable to host confusion via percent-encoded scheme normalization',
103 silly audit report       severity: 'high',
103 silly audit report       vulnerable_versions: '>=3.0.0 <3.1.6',
103 silly audit report       cwe: [Array],
103 silly audit report       cvss: [Object]
103 silly audit report     }
103 silly audit report   ],
103 silly audit report   nanoid: [
103 silly audit report     {
103 silly audit report       id: 1139427,
103 silly audit report       url: 'https://github.com/advisories/GHSA-2v37-7h3g-55p8',
103 silly audit report       title: 'nanoid: custom generators can loop indefinitely when size is zero',
103 silly audit report       severity: 'high',
103 silly audit report       vulnerable_versions: '<3.3.18',
103 silly audit report       cwe: [Array],
103 silly audit report       cvss: [Object]
103 silly audit report     }
103 silly audit report   ],
103 silly audit report   vitest: [
103 silly audit report     {
103 silly audit report       id: 1193683,
103 silly audit report       url: 'https://github.com/advisories/GHSA-82fw-gwwq-j7x9',
103 silly audit report       title: 'Vitest: Path Traversal / Arbitrary File Read via @vitest/mocker Redirect Mock',
103 silly audit report       severity: 'moderate',
103 silly audit report       vulnerable_versions: '>=2.1.0 <4.1.11',
103 silly audit report       cwe: [Array],
103 silly audit report       cvss: [Object]
103 silly audit report     }
103 silly audit report   ]
103 silly audit report }
104 silly packumentCache corgi:https://registry.npmjs.org/@vitest%2fmocker cache-miss
105 silly packumentCache corgi:https://registry.npmjs.org/fast-uri cache-miss
106 silly packumentCache corgi:https://registry.npmjs.org/nanoid cache-miss
107 silly packumentCache corgi:https://registry.npmjs.org/vitest cache-miss
108 http fetch GET 200 https://registry.npmjs.org/fast-uri 257ms (cache miss)
109 silly packumentCache corgi:https://registry.npmjs.org/fast-uri set size:undefined disposed:false
110 http fetch GET 200 https://registry.npmjs.org/@vitest%2fmocker 278ms (cache miss)
111 silly packumentCache corgi:https://registry.npmjs.org/@vitest%2fmocker set size:undefined disposed:false
112 http fetch GET 200 https://registry.npmjs.org/nanoid 285ms (cache miss)
113 silly packumentCache corgi:https://registry.npmjs.org/nanoid set size:undefined disposed:false
114 http fetch GET 200 https://registry.npmjs.org/vitest 477ms (cache miss)
115 silly packumentCache corgi:https://registry.npmjs.org/vitest set size:undefined disposed:false
116 silly packumentCache corgi:https://registry.npmjs.org/ajv cache-miss
117 http fetch GET 200 https://registry.npmjs.org/@supabase/functions-js/-/functions-js-2.116.0.tgz 1071ms (cache miss)
118 http fetch GET 200 https://registry.npmjs.org/ajv 227ms (cache miss)
119 silly packumentCache corgi:https://registry.npmjs.org/ajv set size:undefined disposed:false
120 silly packumentCache corgi:https://registry.npmjs.org/postcss cache-miss
121 http fetch GET 200 https://registry.npmjs.org/@supabase/phoenix/-/phoenix-0.4.5.tgz 1167ms (cache miss)
122 http fetch GET 200 https://registry.npmjs.org/postcss 93ms (cache miss)
123 silly packumentCache corgi:https://registry.npmjs.org/postcss set size:undefined disposed:false
124 http fetch GET 200 https://registry.npmjs.org/@supabase/storage-js/-/storage-js-2.116.0.tgz 1397ms (cache miss)
125 http fetch GET 200 https://registry.npmjs.org/@supabase/postgrest-js/-/postgrest-js-2.116.0.tgz 1400ms (cache miss)
126 http fetch GET 200 https://registry.npmjs.org/@supabase/supabase-js/-/supabase-js-2.116.0.tgz 1430ms (cache miss)
127 http fetch GET 200 https://registry.npmjs.org/@supabase/realtime-js/-/realtime-js-2.116.0.tgz 2381ms (cache miss)
128 http fetch GET 200 https://registry.npmjs.org/@supabase/auth-js/-/auth-js-2.116.0.tgz 3254ms (cache miss)
129 silly ADD node_modules/iceberg-js
130 silly ADD node_modules/@supabase/phoenix
131 silly ADD node_modules/tslib
132 silly ADD node_modules/@supabase/storage-js
133 silly ADD node_modules/@supabase/realtime-js
134 silly ADD node_modules/@supabase/postgrest-js
135 silly ADD node_modules/@supabase/functions-js
136 silly ADD node_modules/@supabase/auth-js
137 silly ADD node_modules/@supabase/supabase-js
138 warn install-scripts 1 package has install scripts not yet covered by allowScripts:
138 warn install-scripts   esbuild@0.25.12 (postinstall: node install.js)
138 warn install-scripts
138 warn install-scripts Run `npm install-scripts ls` to review, or `npm install-scripts approve <pkg>` to allow.
139 verbose cwd D:\app\APP_TEST\daily-report-web
140 verbose os Windows_NT 10.0.26200
141 verbose node v25.2.1
142 verbose npm  v11.19.0
143 notice
143 notice New patch version of npm available! 11.19.0 -> 11.19.1
143 notice Changelog: https://github.com/npm/cli/releases/tag/v11.19.1
143 notice To update run: npm install -g npm@11.19.1
143 notice  { force: true, Symbol(proc-log.meta): true }
144 verbose exit 0
145 info ok
