
> construction-daily-report-pwa@0.1.2 build
> tsc -p tsconfig.json && vite build

vite v6.4.3 building for production...
✓ 0 modules transformed.
✗ Build failed in 7ms
error during build:
[vite-plugin-pwa:build] [plugin vite-plugin-pwa:build] There was an error during the build:
  EPERM: operation not permitted, realpath 'D:\app\APP_TEST\daily-report-web\index.html'
Additionally, handling the error in the 'buildEnd' hook caused the following error:
  EPERM: operation not permitted, realpath 'D:\app\APP_TEST\daily-report-web\index.html'
    at getRollupError (file:///D:/app/APP_TEST/daily-report-web/node_modules/rollup/dist/es/shared/parseAst.js:317:41)
    at file:///D:/app/APP_TEST/daily-report-web/node_modules/rollup/dist/es/shared/node-entry.js:23687:39
    at process.processTicksAndRejections (node:internal/process/task_queues:103:5)
    at async catchUnfinishedHookActions (file:///D:/app/APP_TEST/daily-report-web/node_modules/rollup/dist/es/shared/node-entry.js:23143:16)
    at async rollupInternal (file:///D:/app/APP_TEST/daily-report-web/node_modules/rollup/dist/es/shared/node-entry.js:23670:5)
    at async buildEnvironment (file:///D:/app/APP_TEST/daily-report-web/node_modules/vite/dist/node/chunks/dep-Dm0c1Wj2.js:46365:14)
    at async Object.defaultBuildApp [as buildApp] (file:///D:/app/APP_TEST/daily-report-web/node_modules/vite/dist/node/chunks/dep-Dm0c1Wj2.js:46843:5)
    at async CAC.<anonymous> (file:///D:/app/APP_TEST/daily-report-web/node_modules/vite/dist/node/cli.js:863:7)
npm notice
npm notice New minor version of npm available! 11.19.0 -> 11.21.0
npm notice Changelog: https://github.com/npm/cli/releases/tag/v11.21.0
npm notice To update run: npm install -g npm@11.21.0
npm notice
