vite v6.4.3 building for production...
transforming...
✓ 111 modules transformed.
rendering chunks...
computing gzip size...
artifacts/contact-ui-alignment/cloud/manifest.webmanifest                          0.42 kB
artifacts/contact-ui-alignment/cloud/index.html                                    1.08 kB │ gzip:   0.65 kB
artifacts/contact-ui-alignment/cloud/assets/index-Dqtixjs6.css                    85.96 kB │ gzip:  14.20 kB
artifacts/contact-ui-alignment/cloud/assets/workbox-window.prod.es5-BBnX5xw4.js    5.75 kB │ gzip:   2.36 kB
artifacts/contact-ui-alignment/cloud/assets/controller-_9LwIjmr.js                14.83 kB │ gzip:   5.37 kB
artifacts/contact-ui-alignment/cloud/assets/index-CJyqb9t8.js                    522.90 kB │ gzip: 143.10 kB

(!) Some chunks are larger than 500 kB after minification. Consider:
- Using dynamic import() to code-split the application
- Use build.rollupOptions.output.manualChunks to improve chunking: https://rollupjs.org/configuration-options/#output-manualchunks
- Adjust chunk size limit for this warning via build.chunkSizeWarningLimit.
✓ built in 954ms

PWA v1.3.0
Building src/service-worker.ts service worker ("es" format)...
vite v6.4.3 building for production...
transforming...
✓ 79 modules transformed.
rendering chunks...
computing gzip size...
artifacts/contact-ui-alignment/cloud/service-worker.mjs  17.54 kB │ gzip: 5.87 kB
✓ built in 127ms

PWA v1.3.0
mode      injectManifest
format:   es
precache  9 entries (615.75 KiB)
files generated
  artifacts/contact-ui-alignment/cloud/service-worker.js
