vite v6.4.3 building for production...
transforming...
✓ 111 modules transformed.
rendering chunks...
computing gzip size...
artifacts/contact-ui-alignment/local/assets/icon-CUvPfXrN.svg                      0.31 kB │ gzip:   0.22 kB
artifacts/contact-ui-alignment/local/manifest.webmanifest                          0.41 kB
artifacts/contact-ui-alignment/local/index.html                                    1.01 kB │ gzip:   0.64 kB
artifacts/contact-ui-alignment/local/assets/index-Dqtixjs6.css                    85.96 kB │ gzip:  14.20 kB
artifacts/contact-ui-alignment/local/assets/workbox-window.prod.es5-BBnX5xw4.js    5.75 kB │ gzip:   2.36 kB
artifacts/contact-ui-alignment/local/assets/controller-CbjcsQ8q.js                14.83 kB │ gzip:   5.37 kB
artifacts/contact-ui-alignment/local/assets/index-iSaUaPQL.js                    523.00 kB │ gzip: 143.16 kB

(!) Some chunks are larger than 500 kB after minification. Consider:
- Using dynamic import() to code-split the application
- Use build.rollupOptions.output.manualChunks to improve chunking: https://rollupjs.org/configuration-options/#output-manualchunks
- Adjust chunk size limit for this warning via build.chunkSizeWarningLimit.
✓ built in 1.05s

PWA v1.3.0
Building src/service-worker.ts service worker ("es" format)...
vite v6.4.3 building for production...
transforming...
✓ 79 modules transformed.
rendering chunks...
computing gzip size...
artifacts/contact-ui-alignment/local/service-worker.mjs  17.54 kB │ gzip: 5.87 kB
✓ built in 144ms

PWA v1.3.0
mode      injectManifest
format:   es
precache  9 entries (615.77 KiB)
files generated
  artifacts/contact-ui-alignment/local/service-worker.js
