vite v6.4.3 building for production...
transforming...
✓ 110 modules transformed.
rendering chunks...
computing gzip size...
dist/manifest.webmanifest                          0.42 kB
dist/index.html                                    1.08 kB │ gzip:   0.65 kB
dist/assets/index-CZOkkAFU.css                    84.76 kB │ gzip:  14.07 kB
dist/assets/workbox-window.prod.es5-BBnX5xw4.js    5.75 kB │ gzip:   2.36 kB
dist/assets/controller-B_kaoMwo.js                14.83 kB │ gzip:   5.37 kB
dist/assets/index-ZS85cDhR.js                    520.98 kB │ gzip: 142.62 kB

(!) Some chunks are larger than 500 kB after minification. Consider:
- Using dynamic import() to code-split the application
- Use build.rollupOptions.output.manualChunks to improve chunking: https://rollupjs.org/configuration-options/#output-manualchunks
- Adjust chunk size limit for this warning via build.chunkSizeWarningLimit.
✓ built in 859ms

PWA v1.3.0
Building src/service-worker.ts service worker ("es" format)...
vite v6.4.3 building for production...
transforming...
✓ 79 modules transformed.
rendering chunks...
computing gzip size...
dist/service-worker.mjs  17.54 kB │ gzip: 5.87 kB
✓ built in 106ms

PWA v1.3.0
mode      injectManifest
format:   es
precache  9 entries (612.70 KiB)
files generated
  dist/service-worker.js
